Ôùç injected env (16) from .env // tip: Ôîÿ custom filepath { path: '/custom/path/.env' }
­ƒÜÇ Probando respuesta del chatbot...
­ƒñû Respuesta de la IA:
------------------------
┬íExcelente decisi├│n! Estamos emocionados de trabajar contigo. Puedes contactarnos a trav├®s de nuestro correo electr├│nico contacto@syrtix.com o llam├índonos al 02 2 200 200. Tambi├®n puedes llenar nuestro formulario de contacto en nuestra p├ígina web, donde podr├ís seleccionar el servicio que te interesa y dejar un mensaje con tus inquietudes.

┬┐Tienes alguna pregunta espec├¡fica sobre nuestros servicios o planes? Estoy aqu├¡ para ayudarte a encontrar la mejor soluci├│n para tus necesidades.
------------------------
